// Jest Snapshot v1, https://goo.gl/fbAQLP

exports[`Test in <RealExample /> Should show correctly 1`] = `
<div>
  <h1>
    Real example ref
  </h1>
  <hr />
  <br />
  <button
    className="btn btn-primary"
    onClick={[Function]}
  >
    Show/Hide
  </button>
</div>
`;
