// Jest Snapshot v1, https://goo.gl/fbAQLP

exports[`Test in <HookApp /> should show correctly 1`] = `
<div>
  <h1>
    Hola Mundo
  </h1>
</div>
`;
